[zizone.netlify.app/index-demo-3.html]
[backblue.gif]
[fade.gif]
[index.html]
[zizone.netlify.app/img/core-img/favicon.ico]
[zizone.netlify.app/css/style.css]
[zizone.netlify.app/css/responsive.css]
[zizone.netlify.app/index-2.html]
[zizone.netlify.app/img/core-img/logo.png]
[zizone.netlify.app/index-demo-1.html]
[zizone.netlify.app/index-demo-2.html]
[zizone.netlify.app/about-us.html]
[zizone.netlify.app/services.html]
[zizone.netlify.app/faq.html]
[zizone.netlify.app/index-blog.html]
[zizone.netlify.app/index-blog-with-sidebar.html]
[zizone.netlify.app/index-single-blog.html]
[zizone.netlify.app/contact-us.html]
[zizone.netlify.app/img/svg/img-dollar.svg]
[zizone.netlify.app/img/svg/about2.svg]
[zizone.netlify.app/img/core-img/digital-4.png]
[zizone.netlify.app/img/bg-img/bg-4.jpg]
[zizone.netlify.app/img/icons/d1.png]
[zizone.netlify.app/img/icons/d2.png]
[zizone.netlify.app/img/icons/d3.png]
[zizone.netlify.app/img/services/1.svg]
[zizone.netlify.app/img/services/2.svg]
[zizone.netlify.app/img/services/3.svg]
[zizone.netlify.app/img/services/4.svg]
[zizone.netlify.app/img/services/5.svg]
[zizone.netlify.app/img/services/6.svg]
[zizone.netlify.app/img/phone.png]
[zizone.netlify.app/img/core-img/rings.png]
[zizone.netlify.app/img/bg-img/bg-3.jpg]
[zizone.netlify.app/img/team-img/1.png]
[zizone.netlify.app/img/svg/faq.svg]
[zizone.netlify.app/img/team-img/2.png]
[zizone.netlify.app/img/team-img/3.png]
[zizone.netlify.app/img/team-img/4.png]
[zizone.netlify.app/img/blog-img/1.jpg]
[zizone.netlify.app/img/blog-img/2.jpg]
[zizone.netlify.app/img/blog-img/3.jpg]
[zizone.netlify.app/js/jquery.min.js]
[zizone.netlify.app/js/popper.min.js]
[zizone.netlify.app/js/bootstrap.min.js]
[zizone.netlify.app/js/dzsparallaxer.js]
[zizone.netlify.app/js/jquery.syotimer.min.js]
[zizone.netlify.app/js/plugins.js]
[zizone.netlify.app/js/script.js]
[zizone.netlify.app/index-demo-3.html]
[zizone.netlify.app/css/bootstrap.min.css]
[zizone.netlify.app/css/animate.css]
[zizone.netlify.app/css/about-sonar.css]
[zizone.netlify.app/css/classy-nav.min.css]
[zizone.netlify.app/css/dzsparallaxer.css]
[zizone.netlify.app/css/owl.carousel.min.css]
[zizone.netlify.app/css/magnific-popup.css]
[zizone.netlify.app/css/animated-headline.css]
[zizone.netlify.app/css/font-awesome.min.css]
[zizone.netlify.app/css/themify-icons.css]
[zizone.netlify.app/img/core-img/shape1.png]
[zizone.netlify.app/img/bg-img/demo1-bg.png]
[zizone.netlify.app/img/bg-img/demo2-bg.png]
[zizone.netlify.app/img/bg-img/demo3-bg.png]
[zizone.netlify.app/img/bg-img/demo4-bg.png]
[zizone.netlify.app/img/bg-img/demo5-bg.png]
[zizone.netlify.app/img/bg-img/demo6-bg.png]
[zizone.netlify.app/img/core-img/hero-bg.png]
[zizone.netlify.app/img/core-img/robot-1.png]
[zizone.netlify.app/img/core-img/robot-2.png]
[zizone.netlify.app/img/svg/head-bg-1.svg]
[zizone.netlify.app/img/bg-img/header-bg1.png]
[zizone.netlify.app/img/bg-img/illustration.png]
[zizone.netlify.app/img/bg-img/header-bg3.png]
[zizone.netlify.app/img/bg-img/header-bg4.png]
[zizone.netlify.app/img/bg-img/header-bg5.png]
[zizone.netlify.app/css/video/video-frame.PNG]
[zizone.netlify.app/img/svg/ai-illustration.svg]
[zizone.netlify.app/img/svg/checkmark.svg]
[zizone.netlify.app/img/svg/bg_hero.svg]
[zizone.netlify.app/img/bg-img/ring-bg.png]
[zizone.netlify.app/img/svg/hex-pattern.svg]
[zizone.netlify.app/img/svg/sh-bg.svg]
[zizone.netlify.app/img/svg/striples-bg.svg]
[zizone.netlify.app/img/core-img/wave-shap.png]
[zizone.netlify.app/img/core-img/footer-bg1.png]
[zizone.netlify.app/img/svg/pdf.svg]
[zizone.netlify.app/css/style.css]
[zizone.netlify.app/css/responsive.css]
[zizone.netlify.app/index-2.html]
[zizone.netlify.app/img/svg/view.svg]
[zizone.netlify.app/img/core-img/banner2.png]
[zizone.netlify.app/img/core-img/rings-bg.png]
[zizone.netlify.app/js/particles.js]
[zizone.netlify.app/js/app.js]
[zizone.netlify.app/index-demo-1.html]
[zizone.netlify.app/img/core-img/about.png]
[zizone.netlify.app/img/ico-platforms/1.png]
[zizone.netlify.app/img/ico-platforms/2.png]
[zizone.netlify.app/img/ico-platforms/3.png]
[zizone.netlify.app/img/ico-platforms/4.png]
[zizone.netlify.app/img/ico-platforms/5.png]
[zizone.netlify.app/img/ico-platforms/6.png]
[zizone.netlify.app/index-demo-2.html]
[zizone.netlify.app/img/bg-img/bg-2.jpg]
[zizone.netlify.app/about-us.html]
[zizone.netlify.app/services.html]
[zizone.netlify.app/img/core-img/about2.png]
[zizone.netlify.app/faq.html]
[zizone.netlify.app/index-blog.html]
[zizone.netlify.app/index-blog-with-sidebar.html]
[zizone.netlify.app/img/test-img/1.jpg]
[zizone.netlify.app/img/test-img/2.jpg]
[zizone.netlify.app/img/test-img/3.jpg]
[zizone.netlify.app/index-single-blog.html]
[zizone.netlify.app/contact-us.html]
[zizone.netlify.app/img/svg/img-dollar.svg]
[zizone.netlify.app/img/svg/about2.svg]
[zizone.netlify.app/img/services/1.svg]
[zizone.netlify.app/img/services/2.svg]
[zizone.netlify.app/img/services/3.svg]
[zizone.netlify.app/img/services/4.svg]
[zizone.netlify.app/img/services/5.svg]
[zizone.netlify.app/img/services/6.svg]
[zizone.netlify.app/img/svg/faq.svg]
[zizone.netlify.app/css/bootstrap.min.css]
[zizone.netlify.app/css/animate.css]
[zizone.netlify.app/css/about-sonar.css]
[zizone.netlify.app/fonts/classycb9bcb9b.eot]
[zizone.netlify.app/fonts/classycb9bcb9b.ttf]
[zizone.netlify.app/fonts/classycb9bcb9b.woff]
[zizone.netlify.app/css/classy-nav.min.css]
[zizone.netlify.app/css/img/grey_wash_wall.html]
[zizone.netlify.app/css/img/fog_clouds_png_by_paradise234-d5czivb.html]
[zizone.netlify.app/css/dzsparallaxer.css]
[zizone.netlify.app/css/owl.video.play.html]
[zizone.netlify.app/css/owl.carousel.min.css]
[zizone.netlify.app/css/magnific-popup.css]
[zizone.netlify.app/css/animated-headline.css]
[zizone.netlify.app/fonts/fontawesome-webfont3e6e3e6e.woff2]
[zizone.netlify.app/fonts/fontawesome-webfont3e6e3e6e.eot]
[zizone.netlify.app/fonts/fontawesome-webfontd41dd41d.eot]
[zizone.netlify.app/fonts/fontawesome-webfont3e6e3e6e.ttf]
[zizone.netlify.app/fonts/fontawesome-webfont3e6e3e6e.woff]
[zizone.netlify.app/css/font-awesome.min.css]
[zizone.netlify.app/fonts/themify9f249f24.eot]
[zizone.netlify.app/fonts/themify9f249f24.woff]
[zizone.netlify.app/fonts/themify9f249f24.ttf]
[zizone.netlify.app/fonts/themifyd41dd41d.eot]
[zizone.netlify.app/fonts/fontawesome-webfont3e6e3e6e.svg]
[zizone.netlify.app/css/themify-icons.css]
[zizone.netlify.app/img/core-img/shape1.html]
[zizone.netlify.app/img/bg-img/demo4-bg.html]
[zizone.netlify.app/img/bg-img/demo5-bg.html]
[zizone.netlify.app/img/bg-img/demo6-bg.html]
[zizone.netlify.app/img/core-img/hero-bg.html]
[zizone.netlify.app/img/core-img/robot-1.html]
[zizone.netlify.app/img/svg/head-bg-1.html]
[zizone.netlify.app/img/bg-img/header-bg1.html]
[zizone.netlify.app/img/bg-img/illustration.html]
[zizone.netlify.app/img/bg-img/header-bg3.html]
[zizone.netlify.app/img/bg-img/header-bg4.html]
[zizone.netlify.app/img/bg-img/header-bg5.html]
[zizone.netlify.app/css/video/video-frame.html]
[zizone.netlify.app/img/svg/ai-illustration.html]
[zizone.netlify.app/img/svg/checkmark.svg]
[zizone.netlify.app/img/svg/benefits-bg.svg]
[zizone.netlify.app/img/svg/bg_hero.svg]
[zizone.netlify.app/img/svg/hex-pattern.svg]
[zizone.netlify.app/img/svg/hex-pattern2.svg]
[zizone.netlify.app/img/svg/sh-bg.svg]
[zizone.netlify.app/img/svg/striples-bg.svg]
[zizone.netlify.app/img/svg/pdf.html]
[zizone.netlify.app/img/svg/view.svg]
[zizone.netlify.app/js/particles.html]
[zizone.netlify.app/js/app.html]
[zizone.netlify.app/fonts/classycb9bcb9b.svg]
[zizone.netlify.app/css/img/grey_wash_wall.html]
[zizone.netlify.app/css/img/fog_clouds_png_by_paradise234-d5czivb.html]
[zizone.netlify.app/css/owl.video.play.html]
[zizone.netlify.app/fonts/fontawesome-webfont3e6e3e6e.svg]
[zizone.netlify.app/fonts/themify9f249f24.svg]
[zizone.netlify.app/fonts/themify9f249f24.svg]
